[0m14:17:04.365844 [debug] [MainThread]: Sending event: {'category': 'dbt', 'action': 'invocation', 'label': 'start', 'context': [<snowplow_tracker.self_describing_json.SelfDescribingJson object at 0x000002E7276E56A0>, <snowplow_tracker.self_describing_json.SelfDescribingJson object at 0x000002E729687ED0>, <snowplow_tracker.self_describing_json.SelfDescribingJson object at 0x000002E729687C50>]}


============================== 14:17:04.375533 | 289e6016-56f4-4fe7-a256-22719cb36863 ==============================
[0m14:17:04.375533 [info ] [MainThread]: Running with dbt=1.11.7
[0m14:17:04.376155 [debug] [MainThread]: running dbt with arguments {'version_check': 'True', 'no_print': 'None', 'static_parser': 'True', 'target_path': 'None', 'warn_error_options': 'WarnErrorOptionsV2(error=[], warn=[], silence=[])', 'printer_width': '80', 'write_json': 'True', 'introspect': 'True', 'log_cache_events': 'False', 'empty': 'None', 'cache_selected_only': 'False', 'log_format': 'default', 'debug': 'False', 'fail_fast': 'False', 'partial_parse': 'True', 'send_anonymous_usage_stats': 'True', 'quiet': 'False', 'warn_error': 'None', 'profiles_dir': 'C:\\Users\\User\\.dbt', 'invocation_command': 'dbt init ecommerce_dbt', 'use_colors': 'True', 'indirect_selection': 'eager', 'use_experimental_parser': 'False', 'log_path': 'logs'}
[0m14:17:04.528727 [info ] [MainThread]: Creating dbt configuration folder at C:\Users\User\.dbt
[0m14:17:04.535710 [debug] [MainThread]: Starter project path: C:\Users\User\Documents\proyecto_ecommerce_de\venv\Lib\site-packages\dbt\include\starter_project
[0m14:17:04.556740 [info ] [MainThread]: 
Your new dbt project "ecommerce_dbt" was created!

For more information on how to configure the profiles.yml file,
please consult the dbt documentation here:

  https://docs.getdbt.com/docs/configure-your-profile

One more thing:

Need help? Don't hesitate to reach out to us via GitHub issues or on Slack:

  https://community.getdbt.com/

Happy modeling!

[0m14:17:04.557487 [info ] [MainThread]: Setting up your profile.
[0m14:19:58.917125 [info ] [MainThread]: Profile ecommerce_dbt written to C:\Users\User\.dbt\profiles.yml using target's profile_template.yml and your supplied values. Run 'dbt debug' to validate the connection.
[0m14:19:58.918313 [debug] [MainThread]: Command `dbt init` succeeded at 14:19:58.918178 after 174.63 seconds
[0m14:19:58.918621 [debug] [MainThread]: Sending event: {'category': 'dbt', 'action': 'invocation', 'label': 'end', 'context': [<snowplow_tracker.self_describing_json.SelfDescribingJson object at 0x000002E74CBFB230>, <snowplow_tracker.self_describing_json.SelfDescribingJson object at 0x000002E74CC6C3B0>, <snowplow_tracker.self_describing_json.SelfDescribingJson object at 0x000002E74C90ACF0>]}
[0m14:19:58.918980 [debug] [MainThread]: Flushing usage events
[0m14:19:59.695663 [debug] [MainThread]: An error was encountered while trying to flush usage events
